MemTotal:        2030976 kB
MemFree:          104112 kB
MemAvailable:     162360 kB
Buffers:            2872 kB
Cached:           232964 kB
SwapCached:            0 kB
Active:          1505936 kB
Inactive:         152572 kB
Active(anon):    1426076 kB
Inactive(anon):    23972 kB
Active(file):      79860 kB
Inactive(file):   128600 kB
Unevictable:        3244 kB
Mlocked:            3244 kB
SwapTotal:             0 kB
SwapFree:              0 kB
Dirty:               640 kB
Writeback:             0 kB
AnonPages:       1425988 kB
Mapped:           196664 kB
Shmem:             24716 kB
KReclaimable:      31116 kB
Slab:             117604 kB
SReclaimable:      31116 kB
SUnreclaim:        86488 kB
KernelStack:       26752 kB
ShadowCallStack:    6688 kB
PageTables:        53096 kB
NFS_Unstable:          0 kB
Bounce:                0 kB
WritebackTmp:          0 kB
CommitLimit:     1015488 kB
Committed_AS:   53711948 kB
VmallocTotal:   262930368 kB
VmallocUsed:       40624 kB
VmallocChunk:          0 kB
Percpu:             2960 kB
CmaTotal:         335872 kB
CmaFree:             464 kB
